// Jest Snapshot v1, https://goo.gl/fbAQLP

exports[`NotificationSettingsAutoResponder should match snapshot 1`] = `
<View
  style={
    Object {
      "backgroundColor": "#ffffff",
      "flex": 1,
    }
  }
>
  <Connect(StatusBar) />
  <View
    style={
      Object {
        "backgroundColor": "rgba(61,60,64,0.06)",
        "flex": 1,
        "paddingTop": 35,
      }
    }
  >
    <section
      disableHeader={true}
      theme={
        Object {
          "awayIndicator": "#ffbc42",
          "buttonBg": "#166de0",
          "buttonColor": "#ffffff",
          "centerChannelBg": "#ffffff",
          "centerChannelColor": "#3d3c40",
          "codeTheme": "github",
          "dndIndicator": "#f74343",
          "errorTextColor": "#fd5960",
          "linkColor": "#2389d7",
          "mentionBj": "#ffffff",
          "mentionColor": "#145dbf",
          "mentionHighlightBg": "#ffe577",
          "mentionHighlightLink": "#166de0",
          "newMessageSeparator": "#ff8800",
          "onlineIndicator": "#06d6a0",
          "sidebarBg": "#145dbf",
          "sidebarHeaderBg": "#1153ab",
          "sidebarHeaderTextColor": "#ffffff",
          "sidebarText": "#ffffff",
          "sidebarTextActiveBorder": "#579eff",
          "sidebarTextActiveColor": "#ffffff",
          "sidebarTextHoverBg": "#4578bf",
          "sidebarUnreadText": "#ffffff",
          "type": "Mattermost",
        }
      }
    >
      <sectionItem
        action={[Function]}
        actionType="toggle"
        label={
          <FormattedText
            defaultMessage="Enabled"
            id="mobile.notification_settings.auto_responder.enabled"
          />
        }
        selected={false}
        theme={
          Object {
            "awayIndicator": "#ffbc42",
            "buttonBg": "#166de0",
            "buttonColor": "#ffffff",
            "centerChannelBg": "#ffffff",
            "centerChannelColor": "#3d3c40",
            "codeTheme": "github",
            "dndIndicator": "#f74343",
            "errorTextColor": "#fd5960",
            "linkColor": "#2389d7",
            "mentionBj": "#ffffff",
            "mentionColor": "#145dbf",
            "mentionHighlightBg": "#ffe577",
            "mentionHighlightLink": "#166de0",
            "newMessageSeparator": "#ff8800",
            "onlineIndicator": "#06d6a0",
            "sidebarBg": "#145dbf",
            "sidebarHeaderBg": "#1153ab",
            "sidebarHeaderTextColor": "#ffffff",
            "sidebarText": "#ffffff",
            "sidebarTextActiveBorder": "#579eff",
            "sidebarTextActiveColor": "#ffffff",
            "sidebarTextHoverBg": "#4578bf",
            "sidebarUnreadText": "#ffffff",
            "type": "Mattermost",
          }
        }
      />
    </section>
    <FormattedText
      defaultMessage="Set a custom message that will be automatically sent in response to Direct Messages. Mentions in Public and Private Channels will not trigger the automated reply. Enabling Automatic Replies sets your status to Out of Office and disables email and push notifications."
      id="mobile.notification_settings.auto_responder.footer_message"
      style={
        Object {
          "color": "rgba(61,60,64,0.5)",
          "fontSize": 12,
          "marginHorizontal": 15,
        }
      }
    />
  </View>
</View>
`;
